******************************************************************************
             TMS320C2000 Linker PC v18.1.4                     
******************************************************************************
>> Linked Thu Apr  7 08:42:11 2022

OUTPUT FILE NAME:   <TMSMULTILAB_BASE.out>
ENTRY POINT SYMBOL: "_c_int00"  address: 0000a84b


MEMORY CONFIGURATION

         name            origin    length      used     unused   attr    fill
----------------------  --------  ---------  --------  --------  ----  --------
PAGE 0:
  BEGIN                 00000000   00000002  00000000  00000002  RWIX
  RAMM0                 00000122   000002de  00000000  000002de  RWIX
  RAML                  00009100   00006f00  00001a72  0000548e  RWIX
  RESET                 003fffc0   00000002  00000000  00000002  RWIX

PAGE 1:
  BOOT_RSVD             00000002   00000120  00000000  00000120  RWIX
  RAMM1                 00000400   00000400  00000400  00000000  RWIX
  ADCA_RESULT           00000b00   00000020  00000018  00000008  RWIX
  ADCB_RESULT           00000b20   00000020  00000018  00000008  RWIX
  ADCC_RESULT           00000b40   00000020  00000018  00000008  RWIX
  ADCD_RESULT           00000b60   00000020  00000018  00000008  RWIX
  CPU_TIMER0            00000c00   00000008  00000008  00000000  RWIX
  CPU_TIMER1            00000c08   00000008  00000008  00000000  RWIX
  CPU_TIMER2            00000c10   00000008  00000008  00000000  RWIX
  PIE_CTRL              00000ce0   00000020  0000001a  00000006  RWIX
  PIE_VECT              00000d00   00000200  000001c0  00000040  RWIX
  DMA                   00001000   00000200  000000e0  00000120  RWIX
  CLA1                  00001400   00000040  0000003e  00000002  RWIX
  EPWM1                 00004000   00000100  00000100  00000000  RWIX
  EPWM2                 00004100   00000100  00000100  00000000  RWIX
  EPWM3                 00004200   00000100  00000100  00000000  RWIX
  EPWM4                 00004300   00000100  00000100  00000000  RWIX
  EPWM5                 00004400   00000100  00000100  00000000  RWIX
  EPWM6                 00004500   00000100  00000100  00000000  RWIX
  EPWM7                 00004600   00000100  00000100  00000000  RWIX
  EPWM8                 00004700   00000100  00000100  00000000  RWIX
  EPWM9                 00004800   00000100  00000100  00000000  RWIX
  EPWM10                00004900   00000100  00000100  00000000  RWIX
  EPWM11                00004a00   00000100  00000100  00000000  RWIX
  EPWM12                00004b00   00000100  00000100  00000000  RWIX
  ECAP1                 00005000   00000020  00000020  00000000  RWIX
  ECAP2                 00005020   00000020  00000020  00000000  RWIX
  ECAP3                 00005040   00000020  00000020  00000000  RWIX
  ECAP4                 00005060   00000020  00000020  00000000  RWIX
  ECAP5                 00005080   00000020  00000020  00000000  RWIX
  ECAP6                 000050a0   00000020  00000020  00000000  RWIX
  EQEP1                 00005100   00000040  00000022  0000001e  RWIX
  EQEP2                 00005140   00000040  00000022  0000001e  RWIX
  EQEP3                 00005180   00000040  00000022  0000001e  RWIX
  DACA                  00005c00   00000010  00000008  00000008  RWIX
  DACB                  00005c10   00000010  00000008  00000008  RWIX
  DACC                  00005c20   00000010  00000008  00000008  RWIX
  CMPSS1                00005c80   00000020  00000020  00000000  RWIX
  CMPSS2                00005ca0   00000020  00000020  00000000  RWIX
  CMPSS3                00005cc0   00000020  00000020  00000000  RWIX
  CMPSS4                00005ce0   00000020  00000020  00000000  RWIX
  CMPSS5                00005d00   00000020  00000020  00000000  RWIX
  CMPSS6                00005d20   00000020  00000020  00000000  RWIX
  CMPSS7                00005d40   00000020  00000020  00000000  RWIX
  CMPSS8                00005d60   00000020  00000020  00000000  RWIX
  SDFM1                 00005e00   00000080  00000080  00000000  RWIX
  SDFM2                 00005e80   00000080  00000080  00000000  RWIX
  MCBSPA                00006000   00000040  00000024  0000001c  RWIX
  MCBSPB                00006040   00000040  00000024  0000001c  RWIX
  SPIA                  00006100   00000010  00000010  00000000  RWIX
  SPIB                  00006110   00000010  00000010  00000000  RWIX
  SPIC                  00006120   00000010  00000010  00000000  RWIX
  SPID                  00006130   00000010  00000000  00000010  RWIX
  UPP                   00006200   00000100  00000048  000000b8  RWIX
  WD                    00007000   00000040  0000002b  00000015  RWIX
  NMIINTRUPT            00007060   00000010  00000007  00000009  RWIX
  XINT                  00007070   00000010  0000000b  00000005  RWIX
  SCIA                  00007200   00000010  00000010  00000000  RWIX
  SCIB                  00007210   00000010  00000010  00000000  RWIX
  SCIC                  00007220   00000010  00000010  00000000  RWIX
  SCID                  00007230   00000010  00000010  00000000  RWIX
  I2CA                  00007300   00000040  00000022  0000001e  RWIX
  I2CB                  00007340   00000040  00000022  0000001e  RWIX
  ADCA                  00007400   00000080  00000080  00000000  RWIX
  ADCB                  00007480   00000080  00000080  00000000  RWIX
  ADCC                  00007500   00000080  00000080  00000000  RWIX
  ADCD                  00007580   00000080  00000080  00000000  RWIX
  INPUT_XBAR            00007900   00000020  00000020  00000000  RWIX
  XBAR                  00007920   00000020  00000020  00000000  RWIX
  SYNC_SOC              00007940   00000010  00000006  0000000a  RWIX
  DMACLASRCSEL          00007980   00000040  0000001a  00000026  RWIX
  EPWM_XBAR             00007a00   00000040  00000040  00000000  RWIX
  CLB_XBAR              00007a40   00000040  00000000  00000040  RWIX
  OUTPUT_XBAR           00007a80   00000040  00000040  00000000  RWIX
  GPIOCTRL              00007c00   00000180  00000180  00000000  RWIX
  GPIODAT               00007f00   00000030  00000030  00000000  RWIX
  RAMG                  00010000   0000b000  00000aa2  0000a55e  RWIX
  CPU2TOCPU1RAM         0003f800   00000400  00000000  00000400  RWIX
  CPU1TOCPU2RAM         0003fc00   00000400  00000000  00000400  RWIX
  EMIF1                 00047000   00000800  00000070  00000790  RWIX
  EMIF2                 00047800   00000800  00000070  00000790  RWIX
  CANA                  00048000   00000800  00000164  0000069c  RWIX
  CANA_MSG_RAM          00049000   00000800  00000000  00000800  RWIX
  CANB                  0004a000   00000800  00000164  0000069c  RWIX
  CANB_MSG_RAM          0004b000   00000800  00000000  00000800  RWIX
  IPC                   00050000   00000024  00000024  00000000  RWIX
  FLASHPUMPSEMAPHORE    00050024   00000002  00000002  00000000  RWIX
  DEV_CFG               0005d000   00000180  0000012e  00000052  RWIX
  ANALOG_SUBSYS         0005d180   00000080  00000048  00000038  RWIX
  CLK_CFG               0005d200   00000100  00000032  000000ce  RWIX
  CPU_SYS               0005d300   00000100  00000082  0000007e  RWIX
  ROMPREFETCH           0005e608   00000002  00000002  00000000  RWIX
  DCSM_Z1               0005f000   00000030  00000024  0000000c  RWIX
  DCSM_Z2               0005f040   00000030  00000024  0000000c  RWIX
  DCSM_COMMON           0005f070   00000010  00000008  00000008  RWIX
  MEMCFG                0005f400   00000080  00000080  00000000  RWIX
  EMIF1CONFIG           0005f480   00000020  00000020  00000000  RWIX
  EMIF2CONFIG           0005f4a0   00000020  00000020  00000000  RWIX
  ACCESSPROTECTION      0005f4c0   00000040  00000040  00000000  RWIX
  MEMORYERROR           0005f500   00000040  00000040  00000000  RWIX
  ROMWAITSTATE          0005f540   00000002  00000002  00000000  RWIX
  FLASH0_CTRL           0005f800   00000300  00000182  0000017e  RWIX
  FLASH0_ECC            0005fb00   00000040  00000028  00000018  RWIX
  DCSM_Z1_OTP           00078000   00000020  00000020  00000000  RWIX
  DCSM_Z2_OTP           00078200   00000020  00000020  00000000  RWIX


SECTION ALLOCATION MAP

 output                                  attributes/
section   page    origin      length       input sections
--------  ----  ----------  ----------   ----------------
.text      0    00009100    00001970     
                  00009100    00000cff     main.obj (.text)
                  00009dff    00000533     TMSMULTILAB.lib : R_P_LCD_TMSLAB.obj (.text)
                  0000a332    000001d4     rts2800_fpu32.lib : memory.c.obj (.text)
                  0000a506    0000014c     TMSMULTILAB.lib : R_P_KEYBOARD_TMSLAB.obj (.text)
                  0000a652    000000dd     PID.obj (.text)
                  0000a72f    000000b4     main.obj (.text:retain)
                  0000a7e3    00000068     TMSMULTILAB.lib : systemInit.obj (.text)
                  0000a84b    00000056     rts2800_fpu32.lib : boot28.asm.obj (.text)
                  0000a8a1    00000048     InercModel.obj (.text)
                  0000a8e9    0000002d     rts2800_fpu32.lib : rand.c.obj (.text)
                  0000a916    0000002c     TMSMULTILAB.lib : R_P_LEDBAR_TMSLAB.obj (.text)
                  0000a942    0000002a     rts2800_fpu32.lib : l_div28.asm.obj (.text)
                  0000a96c    00000029                       : exit.c.obj (.text)
                  0000a995    00000024                       : cpy_tbl.c.obj (.text)
                  0000a9b9    00000022                       : i_div28.asm.obj (.text)
                  0000a9db    00000021                       : new.c.obj (.text)
                  0000a9fc    0000001d                       : memcpy.c.obj (.text)
                  0000aa19    0000001c     UAR.obj (.text)
                  0000aa35    00000019     rts2800_fpu32.lib : args_main.c.obj (.text)
                  0000aa4e    0000000d     TMSMULTILAB.lib : systemInit.obj (.text:retain)
                  0000aa5b    00000009     rts2800_fpu32.lib : _lock.c.obj (.text)
                  0000aa64    00000005     TMSMULTILAB.lib : asm_helpers.obj (.text)
                  0000aa69    00000005     rts2800_fpu32.lib : delete.c.obj (.text)
                  0000aa6e    00000001                       : newhandler.c.obj (.text)
                  0000aa6f    00000001                       : startup.c.obj (.text)

.cinit     0    0000aa70    00000085     
                  0000aa70    00000054     main.obj (.cinit)
                  0000aac4    0000000e     rts2800_fpu32.lib : exit.c.obj (.cinit)
                  0000aad2    00000009     TMSMULTILAB.lib : R_P_LCD_TMSLAB.obj (.cinit)
                  0000aadb    00000005     rts2800_fpu32.lib : _lock.c.obj (.cinit:__lock)
                  0000aae0    00000005                       : _lock.c.obj (.cinit:__unlock)
                  0000aae5    00000005                       : rand.c.obj (.cinit)
                  0000aaea    00000005                       : vars.c.obj (.cinit)
                  0000aaef    00000004                       : memory.c.obj (.cinit)
                  0000aaf3    00000002     --HOLE-- [fill = 0]

.switch    0    0000aaf6    00000050     
                  0000aaf6    00000050     TMSMULTILAB.lib : R_P_LCD_TMSLAB.obj (.switch:_PartialRefresh__14R_P_LCD_TMSLABFv)

.pinit     0    0000ab70    00000004     
                  0000ab70    00000002     main.obj (.pinit)
                  0000ab72    00000002     --HOLE-- [fill = 0]

.reset     0    003fffc0    00000002     DSECT
                  003fffc0    00000002     rts2800_fpu32.lib : boot28.asm.obj (.reset)

.stack     1    00000400    00000400     UNINITIALIZED
                  00000400    00000400     --HOLE--

AdcaResultFile 
*          1    00000b00    00000018     UNINITIALIZED
                  00000b00    00000018     TMSMULTILAB.lib : F2837xD_GlobalVariableDefs.obj (AdcaResultFile)

AdcbResultFile 
*          1    00000b20    00000018     UNINITIALIZED
                  00000b20    00000018     TMSMULTILAB.lib : F2837xD_GlobalVariableDefs.obj (AdcbResultFile)

AdccResultFile 
*          1    00000b40    00000018     UNINITIALIZED
                  00000b40    00000018     TMSMULTILAB.lib : F2837xD_GlobalVariableDefs.obj (AdccResultFile)

AdcdResultFile 
*          1    00000b60    00000018     UNINITIALIZED
                  00000b60    00000018     TMSMULTILAB.lib : F2837xD_GlobalVariableDefs.obj (AdcdResultFile)

.ebss      1    00010000    0000088a     UNINITIALIZED
                  00010000    00000870     main.obj (.ebss)
                  00010870    00000008     rts2800_fpu32.lib : memory.c.obj (.ebss)
                  00010878    00000006                       : exit.c.obj (.ebss)
                  0001087e    00000002                       : _lock.c.obj (.ebss:__lock)
                  00010880    00000004     TMSMULTILAB.lib : R_P_LCD_TMSLAB.obj (.ebss)
                  00010884    00000002     rts2800_fpu32.lib : _lock.c.obj (.ebss:__unlock)
                  00010886    00000002                       : rand.c.obj (.ebss)
                  00010888    00000002                       : vars.c.obj (.ebss)

.esysmem   1    0001088a    00000200     UNINITIALIZED
                  0001088a    00000001     rts2800_fpu32.lib : memory.c.obj (.esysmem)
                  0001088b    000001ff     --HOLE--

.econst    1    00010a8a    00000018     
                  00010a8a    00000008     InercModel.obj (.econst:___vtbl__10InercModel)
                  00010a92    00000008     PID.obj (.econst:___vtbl__3PID)
                  00010a9a    00000008     UAR.obj (.econst:___vtbl__3UAR)

ramfunc    0    0000ab46    00000029     
                  0000ab46    00000029     TMSMULTILAB.lib : systemInit.obj (ramfunc)

GETBUFFER 
*          0    0003f800    00000000     DSECT

GETWRITEIDX 
*          0    0003f800    00000000     DSECT

PUTREADIDX 
*          0    0003f800    00000000     DSECT

CpuTimer0RegsFile 
*          1    00000c00    00000008     UNINITIALIZED
                  00000c00    00000008     TMSMULTILAB.lib : F2837xD_GlobalVariableDefs.obj (CpuTimer0RegsFile)

CpuTimer1RegsFile 
*          1    00000c08    00000008     UNINITIALIZED
                  00000c08    00000008     TMSMULTILAB.lib : F2837xD_GlobalVariableDefs.obj (CpuTimer1RegsFile)

CpuTimer2RegsFile 
*          1    00000c10    00000008     UNINITIALIZED
                  00000c10    00000008     TMSMULTILAB.lib : F2837xD_GlobalVariableDefs.obj (CpuTimer2RegsFile)

PieCtrlRegsFile 
*          1    00000ce0    0000001a     UNINITIALIZED
                  00000ce0    0000001a     TMSMULTILAB.lib : F2837xD_GlobalVariableDefs.obj (PieCtrlRegsFile)

PieVectTableFile 
*          1    00000d00    000001c0     UNINITIALIZED
                  00000d00    000001c0     TMSMULTILAB.lib : F2837xD_GlobalVariableDefs.obj (PieVectTableFile)

EmuKeyVar 
*          1    00000d00    00000001     UNINITIALIZED
                  00000d00    00000001     TMSMULTILAB.lib : F2837xD_GlobalVariableDefs.obj (EmuKeyVar)

EmuBModeVar 
*          1    00000d01    00000001     UNINITIALIZED
                  00000d01    00000001     TMSMULTILAB.lib : F2837xD_GlobalVariableDefs.obj (EmuBModeVar)

FlashCallbackVar 
*          1    00000d02    00000000     UNINITIALIZED

FlashScalingVar 
*          1    00000d02    00000000     UNINITIALIZED

DmaRegsFile 
*          1    00001000    000000e0     UNINITIALIZED
                  00001000    000000e0     TMSMULTILAB.lib : F2837xD_GlobalVariableDefs.obj (DmaRegsFile)

Cla1RegsFile 
*          1    00001400    0000003e     UNINITIALIZED
                  00001400    0000003e     TMSMULTILAB.lib : F2837xD_GlobalVariableDefs.obj (Cla1RegsFile)

EPwm1RegsFile 
*          1    00004000    00000100     UNINITIALIZED
                  00004000    00000100     TMSMULTILAB.lib : F2837xD_GlobalVariableDefs.obj (EPwm1RegsFile)

EPwm2RegsFile 
*          1    00004100    00000100     UNINITIALIZED
                  00004100    00000100     TMSMULTILAB.lib : F2837xD_GlobalVariableDefs.obj (EPwm2RegsFile)

EPwm3RegsFile 
*          1    00004200    00000100     UNINITIALIZED
                  00004200    00000100     TMSMULTILAB.lib : F2837xD_GlobalVariableDefs.obj (EPwm3RegsFile)

EPwm4RegsFile 
*          1    00004300    00000100     UNINITIALIZED
                  00004300    00000100     TMSMULTILAB.lib : F2837xD_GlobalVariableDefs.obj (EPwm4RegsFile)

EPwm5RegsFile 
*          1    00004400    00000100     UNINITIALIZED
                  00004400    00000100     TMSMULTILAB.lib : F2837xD_GlobalVariableDefs.obj (EPwm5RegsFile)

EPwm6RegsFile 
*          1    00004500    00000100     UNINITIALIZED
                  00004500    00000100     TMSMULTILAB.lib : F2837xD_GlobalVariableDefs.obj (EPwm6RegsFile)

EPwm7RegsFile 
*          1    00004600    00000100     UNINITIALIZED
                  00004600    00000100     TMSMULTILAB.lib : F2837xD_GlobalVariableDefs.obj (EPwm7RegsFile)

EPwm8RegsFile 
*          1    00004700    00000100     UNINITIALIZED
                  00004700    00000100     TMSMULTILAB.lib : F2837xD_GlobalVariableDefs.obj (EPwm8RegsFile)

EPwm9RegsFile 
*          1    00004800    00000100     UNINITIALIZED
                  00004800    00000100     TMSMULTILAB.lib : F2837xD_GlobalVariableDefs.obj (EPwm9RegsFile)

EPwm10RegsFile 
*          1    00004900    00000100     UNINITIALIZED
                  00004900    00000100     TMSMULTILAB.lib : F2837xD_GlobalVariableDefs.obj (EPwm10RegsFile)

EPwm11RegsFile 
*          1    00004a00    00000100     UNINITIALIZED
                  00004a00    00000100     TMSMULTILAB.lib : F2837xD_GlobalVariableDefs.obj (EPwm11RegsFile)

EPwm12RegsFile 
*          1    00004b00    00000100     UNINITIALIZED
                  00004b00    00000100     TMSMULTILAB.lib : F2837xD_GlobalVariableDefs.obj (EPwm12RegsFile)

ECap1RegsFile 
*          1    00005000    00000020     UNINITIALIZED
                  00005000    00000020     TMSMULTILAB.lib : F2837xD_GlobalVariableDefs.obj (ECap1RegsFile)

ECap2RegsFile 
*          1    00005020    00000020     UNINITIALIZED
                  00005020    00000020     TMSMULTILAB.lib : F2837xD_GlobalVariableDefs.obj (ECap2RegsFile)

ECap3RegsFile 
*          1    00005040    00000020     UNINITIALIZED
                  00005040    00000020     TMSMULTILAB.lib : F2837xD_GlobalVariableDefs.obj (ECap3RegsFile)

ECap4RegsFile 
*          1    00005060    00000020     UNINITIALIZED
                  00005060    00000020     TMSMULTILAB.lib : F2837xD_GlobalVariableDefs.obj (ECap4RegsFile)

ECap5RegsFile 
*          1    00005080    00000020     UNINITIALIZED
                  00005080    00000020     TMSMULTILAB.lib : F2837xD_GlobalVariableDefs.obj (ECap5RegsFile)

ECap6RegsFile 
*          1    000050a0    00000020     UNINITIALIZED
                  000050a0    00000020     TMSMULTILAB.lib : F2837xD_GlobalVariableDefs.obj (ECap6RegsFile)

EQep1RegsFile 
*          1    00005100    00000022     UNINITIALIZED
                  00005100    00000022     TMSMULTILAB.lib : F2837xD_GlobalVariableDefs.obj (EQep1RegsFile)

EQep2RegsFile 
*          1    00005140    00000022     UNINITIALIZED
                  00005140    00000022     TMSMULTILAB.lib : F2837xD_GlobalVariableDefs.obj (EQep2RegsFile)

EQep3RegsFile 
*          1    00005180    00000022     UNINITIALIZED
                  00005180    00000022     TMSMULTILAB.lib : F2837xD_GlobalVariableDefs.obj (EQep3RegsFile)

DacaRegsFile 
*          1    00005c00    00000008     UNINITIALIZED
                  00005c00    00000008     TMSMULTILAB.lib : F2837xD_GlobalVariableDefs.obj (DacaRegsFile)

DacbRegsFile 
*          1    00005c10    00000008     UNINITIALIZED
                  00005c10    00000008     TMSMULTILAB.lib : F2837xD_GlobalVariableDefs.obj (DacbRegsFile)

DaccRegsFile 
*          1    00005c20    00000008     UNINITIALIZED
                  00005c20    00000008     TMSMULTILAB.lib : F2837xD_GlobalVariableDefs.obj (DaccRegsFile)

Sdfm1RegsFile 
*          1    00005e00    00000080     UNINITIALIZED
                  00005e00    00000080     TMSMULTILAB.lib : F2837xD_GlobalVariableDefs.obj (Sdfm1RegsFile)

Sdfm2RegsFile 
*          1    00005e80    00000080     UNINITIALIZED
                  00005e80    00000080     TMSMULTILAB.lib : F2837xD_GlobalVariableDefs.obj (Sdfm2RegsFile)

McbspaRegsFile 
*          1    00006000    00000024     UNINITIALIZED
                  00006000    00000024     TMSMULTILAB.lib : F2837xD_GlobalVariableDefs.obj (McbspaRegsFile)

McbspbRegsFile 
*          1    00006040    00000024     UNINITIALIZED
                  00006040    00000024     TMSMULTILAB.lib : F2837xD_GlobalVariableDefs.obj (McbspbRegsFile)

SpiaRegsFile 
*          1    00006100    00000010     UNINITIALIZED
                  00006100    00000010     TMSMULTILAB.lib : F2837xD_GlobalVariableDefs.obj (SpiaRegsFile)

SpibRegsFile 
*          1    00006110    00000010     UNINITIALIZED
                  00006110    00000010     TMSMULTILAB.lib : F2837xD_GlobalVariableDefs.obj (SpibRegsFile)

SpicRegsFile 
*          1    00006120    00000010     UNINITIALIZED
                  00006120    00000010     TMSMULTILAB.lib : F2837xD_GlobalVariableDefs.obj (SpicRegsFile)

UppRegsFile 
*          1    00006200    00000048     UNINITIALIZED
                  00006200    00000048     TMSMULTILAB.lib : F2837xD_GlobalVariableDefs.obj (UppRegsFile)

WdRegsFile 
*          1    00007000    0000002b     UNINITIALIZED
                  00007000    0000002b     TMSMULTILAB.lib : F2837xD_GlobalVariableDefs.obj (WdRegsFile)

NmiIntruptRegsFile 
*          1    00007060    00000007     UNINITIALIZED
                  00007060    00000007     TMSMULTILAB.lib : F2837xD_GlobalVariableDefs.obj (NmiIntruptRegsFile)

XintRegsFile 
*          1    00007070    0000000b     UNINITIALIZED
                  00007070    0000000b     TMSMULTILAB.lib : F2837xD_GlobalVariableDefs.obj (XintRegsFile)

SciaRegsFile 
*          1    00007200    00000010     UNINITIALIZED
                  00007200    00000010     TMSMULTILAB.lib : F2837xD_GlobalVariableDefs.obj (SciaRegsFile)

ScibRegsFile 
*          1    00007210    00000010     UNINITIALIZED
                  00007210    00000010     TMSMULTILAB.lib : F2837xD_GlobalVariableDefs.obj (ScibRegsFile)

ScicRegsFile 
*          1    00007220    00000010     UNINITIALIZED
                  00007220    00000010     TMSMULTILAB.lib : F2837xD_GlobalVariableDefs.obj (ScicRegsFile)

ScidRegsFile 
*          1    00007230    00000010     UNINITIALIZED
                  00007230    00000010     TMSMULTILAB.lib : F2837xD_GlobalVariableDefs.obj (ScidRegsFile)

I2caRegsFile 
*          1    00007300    00000022     UNINITIALIZED
                  00007300    00000022     TMSMULTILAB.lib : F2837xD_GlobalVariableDefs.obj (I2caRegsFile)

I2cbRegsFile 
*          1    00007340    00000022     UNINITIALIZED
                  00007340    00000022     TMSMULTILAB.lib : F2837xD_GlobalVariableDefs.obj (I2cbRegsFile)

AdcaRegsFile 
*          1    00007400    00000080     UNINITIALIZED
                  00007400    00000080     TMSMULTILAB.lib : F2837xD_GlobalVariableDefs.obj (AdcaRegsFile)

AdcbRegsFile 
*          1    00007480    00000080     UNINITIALIZED
                  00007480    00000080     TMSMULTILAB.lib : F2837xD_GlobalVariableDefs.obj (AdcbRegsFile)

AdccRegsFile 
*          1    00007500    00000080     UNINITIALIZED
                  00007500    00000080     TMSMULTILAB.lib : F2837xD_GlobalVariableDefs.obj (AdccRegsFile)

AdcdRegsFile 
*          1    00007580    00000080     UNINITIALIZED
                  00007580    00000080     TMSMULTILAB.lib : F2837xD_GlobalVariableDefs.obj (AdcdRegsFile)

CanaRegsFile 
*          1    00048000    00000164     UNINITIALIZED
                  00048000    00000164     TMSMULTILAB.lib : F2837xD_GlobalVariableDefs.obj (CanaRegsFile)

CanbRegsFile 
*          1    0004a000    00000164     UNINITIALIZED
                  0004a000    00000164     TMSMULTILAB.lib : F2837xD_GlobalVariableDefs.obj (CanbRegsFile)

AnalogSubsysRegsFile 
*          1    0005d180    00000048     UNINITIALIZED
                  0005d180    00000048     TMSMULTILAB.lib : F2837xD_GlobalVariableDefs.obj (AnalogSubsysRegsFile)

Cla1SoftIntRegsFile 
*          1    00000ce0    00000004     DSECT
                  00000ce0    00000004     TMSMULTILAB.lib : F2837xD_GlobalVariableDefs.obj (Cla1SoftIntRegsFile)

Cmpss1RegsFile 
*          1    00005c80    00000020     UNINITIALIZED
                  00005c80    00000020     TMSMULTILAB.lib : F2837xD_GlobalVariableDefs.obj (Cmpss1RegsFile)

Cmpss2RegsFile 
*          1    00005ca0    00000020     UNINITIALIZED
                  00005ca0    00000020     TMSMULTILAB.lib : F2837xD_GlobalVariableDefs.obj (Cmpss2RegsFile)

Cmpss3RegsFile 
*          1    00005cc0    00000020     UNINITIALIZED
                  00005cc0    00000020     TMSMULTILAB.lib : F2837xD_GlobalVariableDefs.obj (Cmpss3RegsFile)

Cmpss4RegsFile 
*          1    00005ce0    00000020     UNINITIALIZED
                  00005ce0    00000020     TMSMULTILAB.lib : F2837xD_GlobalVariableDefs.obj (Cmpss4RegsFile)

Cmpss5RegsFile 
*          1    00005d00    00000020     UNINITIALIZED
                  00005d00    00000020     TMSMULTILAB.lib : F2837xD_GlobalVariableDefs.obj (Cmpss5RegsFile)

Cmpss6RegsFile 
*          1    00005d20    00000020     UNINITIALIZED
                  00005d20    00000020     TMSMULTILAB.lib : F2837xD_GlobalVariableDefs.obj (Cmpss6RegsFile)

Cmpss7RegsFile 
*          1    00005d40    00000020     UNINITIALIZED
                  00005d40    00000020     TMSMULTILAB.lib : F2837xD_GlobalVariableDefs.obj (Cmpss7RegsFile)

Cmpss8RegsFile 
*          1    00005d60    00000020     UNINITIALIZED
                  00005d60    00000020     TMSMULTILAB.lib : F2837xD_GlobalVariableDefs.obj (Cmpss8RegsFile)

InputXbarRegsFile 
*          1    00007900    00000020     UNINITIALIZED
                  00007900    00000020     TMSMULTILAB.lib : F2837xD_GlobalVariableDefs.obj (InputXbarRegsFile)

XbarRegsFile 
*          1    00007920    00000020     UNINITIALIZED
                  00007920    00000020     TMSMULTILAB.lib : F2837xD_GlobalVariableDefs.obj (XbarRegsFile)

SyncSocRegsFile 
*          1    00007940    00000006     UNINITIALIZED
                  00007940    00000006     TMSMULTILAB.lib : F2837xD_GlobalVariableDefs.obj (SyncSocRegsFile)

DmaClaSrcSelRegsFile 
*          1    00007980    0000001a     UNINITIALIZED
                  00007980    0000001a     TMSMULTILAB.lib : F2837xD_GlobalVariableDefs.obj (DmaClaSrcSelRegsFile)

EPwmXbarRegsFile 
*          1    00007a00    00000040     UNINITIALIZED
                  00007a00    00000040     TMSMULTILAB.lib : F2837xD_GlobalVariableDefs.obj (EPwmXbarRegsFile)

OutputXbarRegsFile 
*          1    00007a80    00000040     UNINITIALIZED
                  00007a80    00000040     TMSMULTILAB.lib : F2837xD_GlobalVariableDefs.obj (OutputXbarRegsFile)

GpioCtrlRegsFile 
*          1    00007c00    00000180     UNINITIALIZED
                  00007c00    00000180     TMSMULTILAB.lib : F2837xD_GlobalVariableDefs.obj (GpioCtrlRegsFile)

GpioDataRegsFile 
*          1    00007f00    00000030     UNINITIALIZED
                  00007f00    00000030     TMSMULTILAB.lib : F2837xD_GlobalVariableDefs.obj (GpioDataRegsFile)

Emif1RegsFile 
*          1    00047000    00000070     UNINITIALIZED
                  00047000    00000070     TMSMULTILAB.lib : F2837xD_GlobalVariableDefs.obj (Emif1RegsFile)

Emif2RegsFile 
*          1    00047800    00000070     UNINITIALIZED
                  00047800    00000070     TMSMULTILAB.lib : F2837xD_GlobalVariableDefs.obj (Emif2RegsFile)

IpcRegsFile 
*          1    00050000    00000024     UNINITIALIZED
                  00050000    00000024     TMSMULTILAB.lib : F2837xD_GlobalVariableDefs.obj (IpcRegsFile)

FlashPumpSemaphoreRegsFile 
*          1    00050024    00000002     UNINITIALIZED
                  00050024    00000002     TMSMULTILAB.lib : F2837xD_GlobalVariableDefs.obj (FlashPumpSemaphoreRegsFile)

RomPrefetchRegsFile 
*          1    0005e608    00000002     UNINITIALIZED
                  0005e608    00000002     TMSMULTILAB.lib : F2837xD_GlobalVariableDefs.obj (RomPrefetchRegsFile)

DcsmZ1RegsFile 
*          1    0005f000    00000024     UNINITIALIZED
                  0005f000    00000024     TMSMULTILAB.lib : F2837xD_GlobalVariableDefs.obj (DcsmZ1RegsFile)

DcsmZ2RegsFile 
*          1    0005f040    00000024     UNINITIALIZED
                  0005f040    00000024     TMSMULTILAB.lib : F2837xD_GlobalVariableDefs.obj (DcsmZ2RegsFile)

DcsmCommonRegsFile 
*          1    0005f070    00000008     UNINITIALIZED
                  0005f070    00000008     TMSMULTILAB.lib : F2837xD_GlobalVariableDefs.obj (DcsmCommonRegsFile)

MemCfgRegsFile 
*          1    0005f400    00000080     UNINITIALIZED
                  0005f400    00000080     TMSMULTILAB.lib : F2837xD_GlobalVariableDefs.obj (MemCfgRegsFile)

Emif1ConfigRegsFile 
*          1    0005f480    00000020     UNINITIALIZED
                  0005f480    00000020     TMSMULTILAB.lib : F2837xD_GlobalVariableDefs.obj (Emif1ConfigRegsFile)

Emif2ConfigRegsFile 
*          1    0005f4a0    00000020     UNINITIALIZED
                  0005f4a0    00000020     TMSMULTILAB.lib : F2837xD_GlobalVariableDefs.obj (Emif2ConfigRegsFile)

AccessProtectionRegsFile 
*          1    0005f4c0    00000040     UNINITIALIZED
                  0005f4c0    00000040     TMSMULTILAB.lib : F2837xD_GlobalVariableDefs.obj (AccessProtectionRegsFile)

MemoryErrorRegsFile 
*          1    0005f500    00000040     UNINITIALIZED
                  0005f500    00000040     TMSMULTILAB.lib : F2837xD_GlobalVariableDefs.obj (MemoryErrorRegsFile)

RomWaitStateRegsFile 
*          1    0005f540    00000002     UNINITIALIZED
                  0005f540    00000002     TMSMULTILAB.lib : F2837xD_GlobalVariableDefs.obj (RomWaitStateRegsFile)

Flash0CtrlRegsFile 
*          1    0005f800    00000182     UNINITIALIZED
                  0005f800    00000182     TMSMULTILAB.lib : F2837xD_GlobalVariableDefs.obj (Flash0CtrlRegsFile)

Flash0EccRegsFile 
*          1    0005fb00    00000028     UNINITIALIZED
                  0005fb00    00000028     TMSMULTILAB.lib : F2837xD_GlobalVariableDefs.obj (Flash0EccRegsFile)

DcsmZ1OtpFile 
*          1    00078000    00000020     NOLOAD SECTION
                  00078000    00000020     TMSMULTILAB.lib : F2837xD_GlobalVariableDefs.obj (DcsmZ1OtpFile)

DcsmZ2OtpFile 
*          1    00078200    00000020     NOLOAD SECTION
                  00078200    00000020     TMSMULTILAB.lib : F2837xD_GlobalVariableDefs.obj (DcsmZ2OtpFile)

DevCfgRegsFile 
*          1    0005d000    0000012e     UNINITIALIZED
                  0005d000    0000012e     TMSMULTILAB.lib : F2837xD_GlobalVariableDefs.obj (DevCfgRegsFile)

ClkCfgRegsFile 
*          1    0005d200    00000032     UNINITIALIZED
                  0005d200    00000032     TMSMULTILAB.lib : F2837xD_GlobalVariableDefs.obj (ClkCfgRegsFile)

CpuSysRegsFile 
*          1    0005d300    00000082     UNINITIALIZED
                  0005d300    00000082     TMSMULTILAB.lib : F2837xD_GlobalVariableDefs.obj (CpuSysRegsFile)

MODULE SUMMARY

       Module                           code   initialized data   uninitialized data
       ------                           ----   ----------------   ------------------
    .\src\
       main.obj                         3507   86                 2160              
       PID.obj                          221    8                  0                 
       InercModel.obj                   72     8                  0                 
       UAR.obj                          28     8                  0                 
    +--+--------------------------------+------+------------------+--------------------+
       Total:                           3828   110                2160              
                                                                                    
    ../TMSMULTILAB.lib
       F2837xD_GlobalVariableDefs.obj   0      0                  8759              
       R_P_LCD_TMSLAB.obj               1331   89                 4                 
       R_P_KEYBOARD_TMSLAB.obj          332    0                  0                 
       systemInit.obj                   158    0                  0                 
       R_P_LEDBAR_TMSLAB.obj            44     0                  0                 
       asm_helpers.obj                  5      0                  0                 
    +--+--------------------------------+------+------------------+--------------------+
       Total:                           1870   89                 8763              
                                                                                    
    C:\ti\ccsv8\tools\compiler\ti-cgt-c2000_18.1.4.LTS\lib\rts2800_fpu32.lib
       memory.c.obj                     468    4                  8                 
       boot28.asm.obj                   86     0                  0                 
       exit.c.obj                       41     14                 6                 
       rand.c.obj                       45     5                  2                 
       l_div28.asm.obj                  42     0                  0                 
       cpy_tbl.c.obj                    36     0                  0                 
       i_div28.asm.obj                  34     0                  0                 
       new.c.obj                        33     0                  0                 
       memcpy.c.obj                     29     0                  0                 
       args_main.c.obj                  25     0                  0                 
       _lock.c.obj                      9      10                 4                 
       vars.c.obj                       0      5                  2                 
       delete.c.obj                     5      0                  0                 
       newhandler.c.obj                 1      0                  0                 
       startup.c.obj                    1      0                  0                 
    +--+--------------------------------+------+------------------+--------------------+
       Total:                           855    38                 22                
                                                                                    
       Heap:                            0      0                  512               
       Stack:                           0      0                  1024              
    +--+--------------------------------+------+------------------+--------------------+
       Grand Total:                     6553   237                12481             


GLOBAL DATA SYMBOLS: SORTED BY DATA PAGE

address     data page           name
--------    ----------------    ----
00000400      10 (00000400)     __stack

00000b00      2c (00000b00)     _AdcaResultRegs
00000b20      2c (00000b00)     _AdcbResultRegs

00000b40      2d (00000b40)     _AdccResultRegs
00000b60      2d (00000b40)     _AdcdResultRegs

00000c00      30 (00000c00)     _CpuTimer0Regs
00000c08      30 (00000c00)     _CpuTimer1Regs
00000c10      30 (00000c00)     _CpuTimer2Regs

00000ce0      33 (00000cc0)     _Cla1SoftIntRegs
00000ce0      33 (00000cc0)     _PieCtrlRegs

00000d00      34 (00000d00)     _EmuKey
00000d00      34 (00000d00)     _PieVectTable
00000d01      34 (00000d00)     _EmuBMode

00001000      40 (00001000)     _DmaRegs

00001400      50 (00001400)     _Cla1Regs

00004000     100 (00004000)     _EPwm1Regs

00004100     104 (00004100)     _EPwm2Regs

00004200     108 (00004200)     _EPwm3Regs

00004300     10c (00004300)     _EPwm4Regs

00004400     110 (00004400)     _EPwm5Regs

00004500     114 (00004500)     _EPwm6Regs

00004600     118 (00004600)     _EPwm7Regs

00004700     11c (00004700)     _EPwm8Regs

00004800     120 (00004800)     _EPwm9Regs

00004900     124 (00004900)     _EPwm10Regs

00004a00     128 (00004a00)     _EPwm11Regs

00004b00     12c (00004b00)     _EPwm12Regs

00005000     140 (00005000)     _ECap1Regs
00005020     140 (00005000)     _ECap2Regs

00005040     141 (00005040)     _ECap3Regs
00005060     141 (00005040)     _ECap4Regs

00005080     142 (00005080)     _ECap5Regs
000050a0     142 (00005080)     _ECap6Regs

00005100     144 (00005100)     _EQep1Regs

00005140     145 (00005140)     _EQep2Regs

00005180     146 (00005180)     _EQep3Regs

00005c00     170 (00005c00)     _DacaRegs
00005c10     170 (00005c00)     _DacbRegs
00005c20     170 (00005c00)     _DaccRegs

00005c80     172 (00005c80)     _Cmpss1Regs
00005ca0     172 (00005c80)     _Cmpss2Regs

00005cc0     173 (00005cc0)     _Cmpss3Regs
00005ce0     173 (00005cc0)     _Cmpss4Regs

00005d00     174 (00005d00)     _Cmpss5Regs
00005d20     174 (00005d00)     _Cmpss6Regs

00005d40     175 (00005d40)     _Cmpss7Regs
00005d60     175 (00005d40)     _Cmpss8Regs

00005e00     178 (00005e00)     _Sdfm1Regs

00005e80     17a (00005e80)     _Sdfm2Regs

00006000     180 (00006000)     _McbspaRegs

00006040     181 (00006040)     _McbspbRegs

00006100     184 (00006100)     _SpiaRegs
00006110     184 (00006100)     _SpibRegs
00006120     184 (00006100)     _SpicRegs

00006200     188 (00006200)     _UppRegs

00007000     1c0 (00007000)     _WdRegs

00007060     1c1 (00007040)     _NmiIntruptRegs
00007070     1c1 (00007040)     _XintRegs

00007200     1c8 (00007200)     _SciaRegs
00007210     1c8 (00007200)     _ScibRegs
00007220     1c8 (00007200)     _ScicRegs
00007230     1c8 (00007200)     _ScidRegs

00007300     1cc (00007300)     _I2caRegs

00007340     1cd (00007340)     _I2cbRegs

00007400     1d0 (00007400)     _AdcaRegs

00007480     1d2 (00007480)     _AdcbRegs

00007500     1d4 (00007500)     _AdccRegs

00007580     1d6 (00007580)     _AdcdRegs

00007900     1e4 (00007900)     _InputXbarRegs
00007920     1e4 (00007900)     _XbarRegs

00007940     1e5 (00007940)     _SyncSocRegs

00007980     1e6 (00007980)     _DmaClaSrcSelRegs

00007a00     1e8 (00007a00)     _EPwmXbarRegs

00007a80     1ea (00007a80)     _OutputXbarRegs

00007c00     1f0 (00007c00)     _GpioCtrlRegs

00007f00     1fc (00007f00)     _GpioDataRegs

00010000     400 (00010000)     _Zadana
00010001     400 (00010000)     _Obciazenie
00010002     400 (00010000)     _widocznoscUchyb
00010003     400 (00010000)     _widocznoscObroty
00010004     400 (00010000)     _widocznosZadana
00010005     400 (00010000)     _Preskaler100ms
00010006     400 (00010000)     _DlugoscWykresu
00010007     400 (00010000)     _EnableRefresh
00010008     400 (00010000)     _Tim
00010009     400 (00010000)     _preScale
0001000a     400 (00010000)     _LEDBAR
0001000c     400 (00010000)     _Silnik
0001000e     400 (00010000)     _Regulator
00010010     400 (00010000)     _ADRFTECHED
00010012     400 (00010000)     _SilnikObciazony
00010014     400 (00010000)     _SprzezenieZwrotne
00010016     400 (00010000)     _Obroty
00010018     400 (00010000)     _ekran
0001001a     400 (00010000)     _textEkran
0001001c     400 (00010000)     _PreskalerObroty
0001001e     400 (00010000)     _Bufor
00010028     400 (00010000)     _LCD

00010040     401 (00010040)     _KEYBOARD

00010080     402 (00010080)     _s

00010180     406 (00010180)     _x

00010280     40a (00010280)     _dx

00010380     40e (00010380)     _dy

00010480     412 (00010480)     _y

00010580     416 (00010580)     _WykresObroty

00010680     41a (00010680)     _WykresZadana

00010780     41e (00010780)     _WykresUchyb

00010878     421 (00010840)     ___TI_enable_exit_profile_output
0001087a     421 (00010840)     ___TI_cleanup_ptr
0001087c     421 (00010840)     ___TI_dtors_ptr
0001087e     421 (00010840)     __lock

00010880     422 (00010880)     _wi
00010882     422 (00010880)     _expire
00010884     422 (00010880)     __unlock
00010888     422 (00010880)     __new_handler
0001088a     422 (00010880)     __sys_memory

00010a8a     42a (00010a80)     ___vtbl__10InercModel
00010a92     42a (00010a80)     ___vtbl__3PID
00010a9a     42a (00010a80)     ___vtbl__3UAR

00047000    11c0 (00047000)     _Emif1Regs

00047800    11e0 (00047800)     _Emif2Regs

00048000    1200 (00048000)     _CanaRegs

0004a000    1280 (0004a000)     _CanbRegs

00050000    1400 (00050000)     _IpcRegs
00050024    1400 (00050000)     _FlashPumpSemaphoreRegs

0005d000    1740 (0005d000)     _DevCfgRegs

0005d180    1746 (0005d180)     _AnalogSubsysRegs

0005d200    1748 (0005d200)     _ClkCfgRegs

0005d300    174c (0005d300)     _CpuSysRegs

0005e608    1798 (0005e600)     _RomPrefetchRegs

0005f000    17c0 (0005f000)     _DcsmZ1Regs

0005f040    17c1 (0005f040)     _DcsmZ2Regs
0005f070    17c1 (0005f040)     _DcsmCommonRegs

0005f400    17d0 (0005f400)     _MemCfgRegs

0005f480    17d2 (0005f480)     _Emif1ConfigRegs
0005f4a0    17d2 (0005f480)     _Emif2ConfigRegs

0005f4c0    17d3 (0005f4c0)     _AccessProtectionRegs

0005f500    17d4 (0005f500)     _MemoryErrorRegs

0005f540    17d5 (0005f540)     _RomWaitStateRegs

0005f800    17e0 (0005f800)     _Flash0CtrlRegs

0005fb00    17ec (0005fb00)     _Flash0EccRegs

00078000    1e00 (00078000)     _DcsmZ1Otp

00078200    1e08 (00078200)     _DcsmZ2Otp


GLOBAL SYMBOLS: SORTED ALPHABETICALLY BY Name 

page  address   name                                    
----  -------   ----                                    
0     00009100  .text                                   
0     0000a96c  C$$EXIT                                 
0     0000a9b9  I$$DIV                                  
0     0000a9ca  I$$MOD                                  
0     0000a942  L$$DIV                                  
0     0000a951  L$$MOD                                  
0     0000a95f  UL$$DIV                                 
0     0000a966  UL$$MOD                                 
1     00010010  _ADRFTECHED                             
1     0005f4c0  _AccessProtectionRegs                   
1     00007400  _AdcaRegs                               
1     00000b00  _AdcaResultRegs                         
1     00007480  _AdcbRegs                               
1     00000b20  _AdcbResultRegs                         
1     00007500  _AdccRegs                               
1     00000b40  _AdccResultRegs                         
1     00007580  _AdcdRegs                               
1     00000b60  _AdcdResultRegs                         
1     0005d180  _AnalogSubsysRegs                       
1     0001001e  _Bufor                                  
0     0000a8cf  _Calculate__10InercModelFv              
0     0000a6c1  _Calculate__3PIDFv                      
1     00048000  _CanaRegs                               
1     0004a000  _CanbRegs                               
0     0000a5c5  _CheckKey__19R_P_KEYBOARD_TMSLABFUc     
1     00001400  _Cla1Regs                               
0     00000ce0  _Cla1SoftIntRegs                        
0     0000a595  _ClearKB__19R_P_KEYBOARD_TMSLABFv       
0     000092d8  _ClearScreen__Fv                        
1     0005d200  _ClkCfgRegs                             
1     00005c80  _Cmpss1Regs                             
1     00005ca0  _Cmpss2Regs                             
1     00005cc0  _Cmpss3Regs                             
1     00005ce0  _Cmpss4Regs                             
1     00005d00  _Cmpss5Regs                             
1     00005d20  _Cmpss6Regs                             
1     00005d40  _Cmpss7Regs                             
1     00005d60  _Cmpss8Regs                             
1     0005d300  _CpuSysRegs                             
1     00000c00  _CpuTimer0Regs                          
1     00000c08  _CpuTimer1Regs                          
1     00000c10  _CpuTimer2Regs                          
0     00009612  _CzyscEkran__Fv                         
0     00009626  _CzyscPodSilnikiem__Fv                  
0     0000963a  _CzyscPodWykresem__Fv                   
0     000095ff  _CzyscText__Fv                          
1     00005c00  _DacaRegs                               
1     00005c10  _DacbRegs                               
1     00005c20  _DaccRegs                               
1     0005f070  _DcsmCommonRegs                         
1     00078000  _DcsmZ1Otp                              
1     0005f000  _DcsmZ1Regs                             
1     00078200  _DcsmZ2Otp                              
1     0005f040  _DcsmZ2Regs                             
1     0005d000  _DevCfgRegs                             
1     00010006  _DlugoscWykresu                         
1     00007980  _DmaClaSrcSelRegs                       
1     00001000  _DmaRegs                                
0     000092ec  _DrawPixels__Fi                         
1     00005000  _ECap1Regs                              
1     00005020  _ECap2Regs                              
1     00005040  _ECap3Regs                              
1     00005060  _ECap4Regs                              
1     00005080  _ECap5Regs                              
1     000050a0  _ECap6Regs                              
1     00004900  _EPwm10Regs                             
1     00004a00  _EPwm11Regs                             
1     00004b00  _EPwm12Regs                             
1     00004000  _EPwm1Regs                              
1     00004100  _EPwm2Regs                              
1     00004200  _EPwm3Regs                              
1     00004300  _EPwm4Regs                              
1     00004400  _EPwm5Regs                              
1     00004500  _EPwm6Regs                              
1     00004600  _EPwm7Regs                              
1     00004700  _EPwm8Regs                              
1     00004800  _EPwm9Regs                              
1     00007a00  _EPwmXbarRegs                           
1     00005100  _EQep1Regs                              
1     00005140  _EQep2Regs                              
1     00005180  _EQep3Regs                              
1     0005f480  _Emif1ConfigRegs                        
1     00047000  _Emif1Regs                              
1     0005f4a0  _Emif2ConfigRegs                        
1     00047800  _Emif2Regs                              
1     00000d01  _EmuBMode                               
1     00000d00  _EmuKey                                 
0     000091ca  _EnableInterrupts__Fv                   
1     00010007  _EnableRefresh                          
1     0005f800  _Flash0CtrlRegs                         
1     0005fb00  _Flash0EccRegs                          
1     00050024  _FlashPumpSemaphoreRegs                 
0     0000a5a6  _GetKey__19R_P_KEYBOARD_TMSLABFv        
0     0000a61d  _GetRow__19R_P_KEYBOARD_TMSLABFUc       
0     0000a5f6  _GetRows__19R_P_KEYBOARD_TMSLABFv       
1     00007c00  _GpioCtrlRegs                           
1     00007f00  _GpioDataRegs                           
1     00007300  _I2caRegs                               
1     00007340  _I2cbRegs                               
0     00009216  _InitData__Fv                           
0     0000ab46  _InitFlash__Fv                          
0     0000a556  _InitKB__19R_P_KEYBOARD_TMSLABFi        
0     0000a92f  _InitLedBar__17R_P_LEDBAR_TMSLABFv      
1     00007900  _InputXbarRegs                          
1     00050000  _IpcRegs                                
1     00010040  _KEYBOARD                               
1     00010028  _LCD                                    
0     0000a118  _LCD_Command__14R_P_LCD_TMSLABFUi       
0     0000a15f  _LCD_Init__14R_P_LCD_TMSLABFPUlPUc      
0     0000a319  _LCD_Read_Data__14R_P_LCD_TMSLABFv      
0     0000a2e7  _LCD_Read_Status__14R_P_LCD_TMSLABFv    
0     0000a28e  _LCD_Set_State__14R_P_LCD_TMSLABFUc     
0     0000a143  _LCD_Write_1Bytes__14R_P_LCD_TMSLABFUi  
0     0000a134  _LCD_Write_2Bytes__14R_P_LCD_TMSLABFUi  
0     0000a2ce  _LCD_Write_Command__14R_P_LCD_TMSLABFUc 
0     0000a300  _LCD_Write_Data__14R_P_LCD_TMSLABFUc    
1     0001000a  _LEDBAR                                 
1     00006000  _McbspaRegs                             
1     00006040  _McbspbRegs                             
1     0005f400  _MemCfgRegs                             
1     0005f500  _MemoryErrorRegs                        
1     00007060  _NmiIntruptRegs                         
0     0000a7ca  _NoIsr__Fv                              
1     00010001  _Obciazenie                             
1     00010016  _Obroty                                 
1     00007a80  _OutputXbarRegs                         
0     00009e17  _PartialRefresh__14R_P_LCD_TMSLABFv     
0     0000a506  _PartialRefresh__19R_P_KEYBOARD_TMSLABFv
1     00000ce0  _PieCtrlRegs                            
1     00000d00  _PieVectTable                           
1     00010005  _Preskaler100ms                         
1     0001001c  _PreskalerObroty                        
0     0000a1ed  _Read_Port__14R_P_LCD_TMSLABFv          
1     0001000e  _Regulator                              
1     0005e608  _RomPrefetchRegs                        
1     0005f540  _RomWaitStateRegs                       
0     00009478  _RysujKwadrat__FiT1                     
0     0000955d  _RysujObrot__Fi                         
0     0000940c  _RysujOkrag__Fv                         
0     000099c8  _RysujWykresyVER2__FiN21bN24            
0     000097e4  _RysujWykresy__FiT1                     
1     00007200  _SciaRegs                               
1     00007210  _ScibRegs                               
1     00007220  _ScicRegs                               
1     00007230  _ScidRegs                               
1     00005e00  _Sdfm1Regs                              
1     00005e80  _Sdfm2Regs                              
0     0000a5e1  _SetColumn__19R_P_KEYBOARD_TMSLABFUc    
0     0000a7f7  _SetMainClock__Fv                       
0     000091fa  _SetUpPeripherials__Fv                  
0     0000a916  _SetValue__17R_P_LEDBAR_TMSLABFi        
0     0000a7e3  _SetupCoreSystem__Fv                    
0     0000a7ee  _SetupPeripherials__Fv                  
1     0001000c  _Silnik                                 
1     00010012  _SilnikObciazony                        
1     00006100  _SpiaRegs                               
1     00006110  _SpibRegs                               
1     00006120  _SpicRegs                               
1     00010014  _SprzezenieZwrotne                      
1     00007940  _SyncSocRegs                            
0     0000a10d  _Synchronize__14R_P_LCD_TMSLABFv        
0     0000aa4e  _TIMER2ISR__Fv                          
1     00010008  _Tim                                    
0     0000a72f  _Timer2Isr__Fv                          
1     00006200  _UppRegs                                
0     0000aa64  _Wait_NOPs__FUi                         
1     00007000  _WdRegs                                 
0     0000a229  _Write_Port__14R_P_LCD_TMSLABFUl        
1     00010580  _WykresObroty                           
1     00010780  _WykresUchyb                            
1     00010680  _WykresZadana                           
0     0000964f  _WyswietlDaneTextowe__FiN41             
1     00007920  _XbarRegs                               
1     00007070  _XintRegs                               
1     00010000  _Zadana                                 
1     00000800  __STACK_END                             
abs   00000400  __STACK_SIZE                            
abs   00000200  __SYSMEM_SIZE                           
1     0001087a  ___TI_cleanup_ptr                       
1     0001087c  ___TI_dtors_ptr                         
1     00010878  ___TI_enable_exit_profile_output        
abs   ffffffff  ___TI_pprof_out_hndl                    
abs   ffffffff  ___TI_prof_data_size                    
abs   ffffffff  ___TI_prof_data_start                   
abs   ffffffff  ___binit__                              
abs   ffffffff  ___c_args__                             
0     0000aa70  ___cinit__                              
0     0000a8a1  ___ct__10InercModelFf                   
0     0000a652  ___ct__3PIDFfN51                        
0     0000aa19  ___ct__3UARFv                           
0     0000aa6e  ___default_new_handler__Fv              
0     0000aa69  ___dl__FPv                              
0     0000a8c0  ___dt__10InercModelFv                   
0     0000a6b2  ___dt__3PIDFv                           
0     0000aa2a  ___dt__3UARFv                           
0     0000aa70  ___etext__                              
0     0000a9db  ___nw__FUl                              
0     0000ab70  ___pinit__                              
0     00009dc6  ___sti___8_main_cpp_Tim                 
0     00009100  ___text__                               
1     00010a8a  ___vtbl__10InercModel                   
1     00010a92  ___vtbl__3PID                           
1     00010a9a  ___vtbl__3UAR                           
0     0000aa35  __args_main                             
1     0001087e  __lock                                  
1     00010888  __new_handler                           
0     0000aa63  __nop                                   
0     0000aa5f  __register_lock                         
0     0000aa5b  __register_unlock                       
1     00000400  __stack                                 
1     0001088a  __sys_memory                            
0     0000aa6f  __system_post_cinit                     
0     0000920d  __system_pre_init                       
1     00010884  __unlock                                
0     0000a96c  _abort                                  
0     0000a84b  _c_int00                                
0     0000a4ef  _calloc                                 
0     0000a4ed  _chkheap                                
0     0000a995  _copy_in                                
1     00010280  _dx                                     
1     00010380  _dy                                     
1     00010018  _ekran                                  
0     0000a96e  _exit                                   
1     00010882  _expire                                 
0     0000a332  _free                                   
0     0000a4cf  _free_memory                            
0     00009115  _main                                   
0     0000a39b  _malloc                                 
0     0000a4ad  _max_free                               
0     0000a9fc  _memcpy                                 
0     0000a376  _minit                                  
1     00010009  _preScale                               
0     0000a8f9  _rand                                   
0     0000a3f9  _realloc                                
1     00010080  _s                                      
0     0000a8e9  _srand                                  
1     0001001a  _textEkran                              
1     00010880  _wi                                     
1     00010004  _widocznosZadana                        
1     00010003  _widocznoscObroty                       
1     00010002  _widocznoscUchyb                        
1     00010180  _x                                      
1     00010480  _y                                      
abs   ffffffff  binit                                   
0     0000aa70  cinit                                   
0     0000aa70  etext                                   
0     0000ab70  pinit                                   


GLOBAL SYMBOLS: SORTED BY Symbol Address 

page  address   name                                    
----  -------   ----                                    
0     00000ce0  _Cla1SoftIntRegs                        
0     00009100  .text                                   
0     00009100  ___text__                               
0     00009115  _main                                   
0     000091ca  _EnableInterrupts__Fv                   
0     000091fa  _SetUpPeripherials__Fv                  
0     0000920d  __system_pre_init                       
0     00009216  _InitData__Fv                           
0     000092d8  _ClearScreen__Fv                        
0     000092ec  _DrawPixels__Fi                         
0     0000940c  _RysujOkrag__Fv                         
0     00009478  _RysujKwadrat__FiT1                     
0     0000955d  _RysujObrot__Fi                         
0     000095ff  _CzyscText__Fv                          
0     00009612  _CzyscEkran__Fv                         
0     00009626  _CzyscPodSilnikiem__Fv                  
0     0000963a  _CzyscPodWykresem__Fv                   
0     0000964f  _WyswietlDaneTextowe__FiN41             
0     000097e4  _RysujWykresy__FiT1                     
0     000099c8  _RysujWykresyVER2__FiN21bN24            
0     00009dc6  ___sti___8_main_cpp_Tim                 
0     00009e17  _PartialRefresh__14R_P_LCD_TMSLABFv     
0     0000a10d  _Synchronize__14R_P_LCD_TMSLABFv        
0     0000a118  _LCD_Command__14R_P_LCD_TMSLABFUi       
0     0000a134  _LCD_Write_2Bytes__14R_P_LCD_TMSLABFUi  
0     0000a143  _LCD_Write_1Bytes__14R_P_LCD_TMSLABFUi  
0     0000a15f  _LCD_Init__14R_P_LCD_TMSLABFPUlPUc      
0     0000a1ed  _Read_Port__14R_P_LCD_TMSLABFv          
0     0000a229  _Write_Port__14R_P_LCD_TMSLABFUl        
0     0000a28e  _LCD_Set_State__14R_P_LCD_TMSLABFUc     
0     0000a2ce  _LCD_Write_Command__14R_P_LCD_TMSLABFUc 
0     0000a2e7  _LCD_Read_Status__14R_P_LCD_TMSLABFv    
0     0000a300  _LCD_Write_Data__14R_P_LCD_TMSLABFUc    
0     0000a319  _LCD_Read_Data__14R_P_LCD_TMSLABFv      
0     0000a332  _free                                   
0     0000a376  _minit                                  
0     0000a39b  _malloc                                 
0     0000a3f9  _realloc                                
0     0000a4ad  _max_free                               
0     0000a4cf  _free_memory                            
0     0000a4ed  _chkheap                                
0     0000a4ef  _calloc                                 
0     0000a506  _PartialRefresh__19R_P_KEYBOARD_TMSLABFv
0     0000a556  _InitKB__19R_P_KEYBOARD_TMSLABFi        
0     0000a595  _ClearKB__19R_P_KEYBOARD_TMSLABFv       
0     0000a5a6  _GetKey__19R_P_KEYBOARD_TMSLABFv        
0     0000a5c5  _CheckKey__19R_P_KEYBOARD_TMSLABFUc     
0     0000a5e1  _SetColumn__19R_P_KEYBOARD_TMSLABFUc    
0     0000a5f6  _GetRows__19R_P_KEYBOARD_TMSLABFv       
0     0000a61d  _GetRow__19R_P_KEYBOARD_TMSLABFUc       
0     0000a652  ___ct__3PIDFfN51                        
0     0000a6b2  ___dt__3PIDFv                           
0     0000a6c1  _Calculate__3PIDFv                      
0     0000a72f  _Timer2Isr__Fv                          
0     0000a7ca  _NoIsr__Fv                              
0     0000a7e3  _SetupCoreSystem__Fv                    
0     0000a7ee  _SetupPeripherials__Fv                  
0     0000a7f7  _SetMainClock__Fv                       
0     0000a84b  _c_int00                                
0     0000a8a1  ___ct__10InercModelFf                   
0     0000a8c0  ___dt__10InercModelFv                   
0     0000a8cf  _Calculate__10InercModelFv              
0     0000a8e9  _srand                                  
0     0000a8f9  _rand                                   
0     0000a916  _SetValue__17R_P_LEDBAR_TMSLABFi        
0     0000a92f  _InitLedBar__17R_P_LEDBAR_TMSLABFv      
0     0000a942  L$$DIV                                  
0     0000a951  L$$MOD                                  
0     0000a95f  UL$$DIV                                 
0     0000a966  UL$$MOD                                 
0     0000a96c  C$$EXIT                                 
0     0000a96c  _abort                                  
0     0000a96e  _exit                                   
0     0000a995  _copy_in                                
0     0000a9b9  I$$DIV                                  
0     0000a9ca  I$$MOD                                  
0     0000a9db  ___nw__FUl                              
0     0000a9fc  _memcpy                                 
0     0000aa19  ___ct__3UARFv                           
0     0000aa2a  ___dt__3UARFv                           
0     0000aa35  __args_main                             
0     0000aa4e  _TIMER2ISR__Fv                          
0     0000aa5b  __register_unlock                       
0     0000aa5f  __register_lock                         
0     0000aa63  __nop                                   
0     0000aa64  _Wait_NOPs__FUi                         
0     0000aa69  ___dl__FPv                              
0     0000aa6e  ___default_new_handler__Fv              
0     0000aa6f  __system_post_cinit                     
0     0000aa70  ___cinit__                              
0     0000aa70  ___etext__                              
0     0000aa70  cinit                                   
0     0000aa70  etext                                   
0     0000ab46  _InitFlash__Fv                          
0     0000ab70  ___pinit__                              
0     0000ab70  pinit                                   
1     00000400  __stack                                 
1     00000800  __STACK_END                             
1     00000b00  _AdcaResultRegs                         
1     00000b20  _AdcbResultRegs                         
1     00000b40  _AdccResultRegs                         
1     00000b60  _AdcdResultRegs                         
1     00000c00  _CpuTimer0Regs                          
1     00000c08  _CpuTimer1Regs                          
1     00000c10  _CpuTimer2Regs                          
1     00000ce0  _PieCtrlRegs                            
1     00000d00  _EmuKey                                 
1     00000d00  _PieVectTable                           
1     00000d01  _EmuBMode                               
1     00001000  _DmaRegs                                
1     00001400  _Cla1Regs                               
1     00004000  _EPwm1Regs                              
1     00004100  _EPwm2Regs                              
1     00004200  _EPwm3Regs                              
1     00004300  _EPwm4Regs                              
1     00004400  _EPwm5Regs                              
1     00004500  _EPwm6Regs                              
1     00004600  _EPwm7Regs                              
1     00004700  _EPwm8Regs                              
1     00004800  _EPwm9Regs                              
1     00004900  _EPwm10Regs                             
1     00004a00  _EPwm11Regs                             
1     00004b00  _EPwm12Regs                             
1     00005000  _ECap1Regs                              
1     00005020  _ECap2Regs                              
1     00005040  _ECap3Regs                              
1     00005060  _ECap4Regs                              
1     00005080  _ECap5Regs                              
1     000050a0  _ECap6Regs                              
1     00005100  _EQep1Regs                              
1     00005140  _EQep2Regs                              
1     00005180  _EQep3Regs                              
1     00005c00  _DacaRegs                               
1     00005c10  _DacbRegs                               
1     00005c20  _DaccRegs                               
1     00005c80  _Cmpss1Regs                             
1     00005ca0  _Cmpss2Regs                             
1     00005cc0  _Cmpss3Regs                             
1     00005ce0  _Cmpss4Regs                             
1     00005d00  _Cmpss5Regs                             
1     00005d20  _Cmpss6Regs                             
1     00005d40  _Cmpss7Regs                             
1     00005d60  _Cmpss8Regs                             
1     00005e00  _Sdfm1Regs                              
1     00005e80  _Sdfm2Regs                              
1     00006000  _McbspaRegs                             
1     00006040  _McbspbRegs                             
1     00006100  _SpiaRegs                               
1     00006110  _SpibRegs                               
1     00006120  _SpicRegs                               
1     00006200  _UppRegs                                
1     00007000  _WdRegs                                 
1     00007060  _NmiIntruptRegs                         
1     00007070  _XintRegs                               
1     00007200  _SciaRegs                               
1     00007210  _ScibRegs                               
1     00007220  _ScicRegs                               
1     00007230  _ScidRegs                               
1     00007300  _I2caRegs                               
1     00007340  _I2cbRegs                               
1     00007400  _AdcaRegs                               
1     00007480  _AdcbRegs                               
1     00007500  _AdccRegs                               
1     00007580  _AdcdRegs                               
1     00007900  _InputXbarRegs                          
1     00007920  _XbarRegs                               
1     00007940  _SyncSocRegs                            
1     00007980  _DmaClaSrcSelRegs                       
1     00007a00  _EPwmXbarRegs                           
1     00007a80  _OutputXbarRegs                         
1     00007c00  _GpioCtrlRegs                           
1     00007f00  _GpioDataRegs                           
1     00010000  _Zadana                                 
1     00010001  _Obciazenie                             
1     00010002  _widocznoscUchyb                        
1     00010003  _widocznoscObroty                       
1     00010004  _widocznosZadana                        
1     00010005  _Preskaler100ms                         
1     00010006  _DlugoscWykresu                         
1     00010007  _EnableRefresh                          
1     00010008  _Tim                                    
1     00010009  _preScale                               
1     0001000a  _LEDBAR                                 
1     0001000c  _Silnik                                 
1     0001000e  _Regulator                              
1     00010010  _ADRFTECHED                             
1     00010012  _SilnikObciazony                        
1     00010014  _SprzezenieZwrotne                      
1     00010016  _Obroty                                 
1     00010018  _ekran                                  
1     0001001a  _textEkran                              
1     0001001c  _PreskalerObroty                        
1     0001001e  _Bufor                                  
1     00010028  _LCD                                    
1     00010040  _KEYBOARD                               
1     00010080  _s                                      
1     00010180  _x                                      
1     00010280  _dx                                     
1     00010380  _dy                                     
1     00010480  _y                                      
1     00010580  _WykresObroty                           
1     00010680  _WykresZadana                           
1     00010780  _WykresUchyb                            
1     00010878  ___TI_enable_exit_profile_output        
1     0001087a  ___TI_cleanup_ptr                       
1     0001087c  ___TI_dtors_ptr                         
1     0001087e  __lock                                  
1     00010880  _wi                                     
1     00010882  _expire                                 
1     00010884  __unlock                                
1     00010888  __new_handler                           
1     0001088a  __sys_memory                            
1     00010a8a  ___vtbl__10InercModel                   
1     00010a92  ___vtbl__3PID                           
1     00010a9a  ___vtbl__3UAR                           
1     00047000  _Emif1Regs                              
1     00047800  _Emif2Regs                              
1     00048000  _CanaRegs                               
1     0004a000  _CanbRegs                               
1     00050000  _IpcRegs                                
1     00050024  _FlashPumpSemaphoreRegs                 
1     0005d000  _DevCfgRegs                             
1     0005d180  _AnalogSubsysRegs                       
1     0005d200  _ClkCfgRegs                             
1     0005d300  _CpuSysRegs                             
1     0005e608  _RomPrefetchRegs                        
1     0005f000  _DcsmZ1Regs                             
1     0005f040  _DcsmZ2Regs                             
1     0005f070  _DcsmCommonRegs                         
1     0005f400  _MemCfgRegs                             
1     0005f480  _Emif1ConfigRegs                        
1     0005f4a0  _Emif2ConfigRegs                        
1     0005f4c0  _AccessProtectionRegs                   
1     0005f500  _MemoryErrorRegs                        
1     0005f540  _RomWaitStateRegs                       
1     0005f800  _Flash0CtrlRegs                         
1     0005fb00  _Flash0EccRegs                          
1     00078000  _DcsmZ1Otp                              
1     00078200  _DcsmZ2Otp                              
abs   00000200  __SYSMEM_SIZE                           
abs   00000400  __STACK_SIZE                            
abs   ffffffff  ___TI_pprof_out_hndl                    
abs   ffffffff  ___TI_prof_data_size                    
abs   ffffffff  ___TI_prof_data_start                   
abs   ffffffff  ___binit__                              
abs   ffffffff  ___c_args__                             
abs   ffffffff  binit                                   

[247 symbols]
